// Jest Snapshot v1, https://goo.gl/fbAQLP

exports[`should render item from expense list 1`] = `
<div>
  <Link
    replace={false}
    to="/edit/2"
  >
    <h3>
      Rent
    </h3>
  </Link>
  <p>
    400$
    -
    28th December, 1969
  </p>
</div>
`;
